[debug] [2026-05-06T14:34:48.474Z] ----------------------------------------------------------------------
[debug] [2026-05-06T14:34:48.477Z] Command:       C:\Program Files\nodejs\node.exe C:\Users\nitak\AppData\Roaming\npm\node_modules\firebase-tools\lib\bin\firebase.js init hosting
[debug] [2026-05-06T14:34:48.478Z] CLI Version:   15.16.0
[debug] [2026-05-06T14:34:48.478Z] Platform:      win32
[debug] [2026-05-06T14:34:48.478Z] Node Version:  v22.20.0
[debug] [2026-05-06T14:34:48.478Z] Time:          Wed May 06 2026 21:34:48 GMT+0700 (เวลาอินโดจีน)
[debug] [2026-05-06T14:34:48.478Z] ----------------------------------------------------------------------
[debug] 
[info] 
     ######## #### ########  ######## ########     ###     ######  ########
     ##        ##  ##     ## ##       ##     ##  ##   ##  ##       ##
     ######    ##  ########  ######   ########  #########  ######  ######
     ##        ##  ##    ##  ##       ##     ## ##     ##       ## ##
     ##       #### ##     ## ######## ########  ##     ##  ######  ########

You're about to initialize a Firebase project in this directory:

  C:\Users\nitak\Documents\GitHub\LadyVenice.sheets

[info] 
=== Project Setup
[info] 
[info] First, let's associate this project directory with a Firebase project.
[info] You can create multiple project aliases by running firebase use --add, 
[info] 
[debug] [2026-05-06T14:35:06.394Z] > command requires scopes: ["email","openid","https://www.googleapis.com/auth/cloudplatformprojects.readonly","https://www.googleapis.com/auth/firebase","https://www.googleapis.com/auth/cloud-platform"]
[debug] [2026-05-06T14:35:06.395Z] > authorizing via signed-in user (nitakornr@gmail.com)
[debug] [2026-05-06T14:35:06.398Z] Checked if tokens are valid: true, expires at: 1778081670196
[debug] [2026-05-06T14:35:06.398Z] Checked if tokens are valid: true, expires at: 1778081670196
[debug] [2026-05-06T14:35:06.401Z] >>> [apiv2][query] GET https://firebase.googleapis.com/v1beta1/projects pageSize=100
[debug] [2026-05-06T14:35:07.302Z] <<< [apiv2][status] GET https://firebase.googleapis.com/v1beta1/projects 200
[debug] [2026-05-06T14:35:07.302Z] <<< [apiv2][body] GET https://firebase.googleapis.com/v1beta1/projects [omitted]
[info] 
=== Hosting Setup
[debug] [2026-05-06T14:35:10.040Z] Checked if tokens are valid: true, expires at: 1778081670196
[debug] [2026-05-06T14:35:10.040Z] Checked if tokens are valid: true, expires at: 1778081670196
[debug] [2026-05-06T14:35:10.041Z] >>> [apiv2][query] GET https://firebase.googleapis.com/v1beta1/projects/ladyvenice [none]
[debug] [2026-05-06T14:35:10.385Z] <<< [apiv2][status] GET https://firebase.googleapis.com/v1beta1/projects/ladyvenice 200
[debug] [2026-05-06T14:35:10.386Z] <<< [apiv2][body] GET https://firebase.googleapis.com/v1beta1/projects/ladyvenice {"projectId":"ladyvenice","projectNumber":"143412816674","displayName":"LadyVenice","name":"projects/ladyvenice","resources":{"hostingSite":"ladyvenice"},"state":"ACTIVE","etag":"1_bc7a58a8-f870-4b74-b920-4520778206f4"}
[info] 
[info] Your public directory is the folder (relative to your project directory) that
[info] will contain Hosting assets to be uploaded with firebase deploy. If you
[info] have a build process for your assets, use your build's output directory.
[info] 
